main.c:333:13:MX_GPIO_Init	64	static
XPT2046.c:184:6:XPT2046_clearCalibrationData	12	static
XPT2046.c:222:6:XPT2046_pointToScreen	0	static
XPT2046.c:236:7:max	0	static
XPT2046.c:240:7:min	0	static
XPT2046.c:303:6:XPT2046_directSetCalibrationPoint	8	static
XPT2046.c:312:9:XPT2046_updateCalibrationParameters	0	static
XPT2046.c:343:10:XPT2046_testCalibrationPoint	0	static
main.c:68:6:XPT2046_Select	8	static
main.c:71:6:XPT2046_Deselect	8	static
main.c:75:6:XPT2046_SPI_send	16	static
main.c:79:6:XPT2046_SPI_Transmit_Receive	40	static
XPT2046.c:228:10:XPT2046_SingleScan	16	static
main.c:89:6:XPT2046_Wait	8	static
XPT2046.c:212:6:XPT2046_waitForCalibrationPoint	8	static
main.c:93:10:XPT2046_GetTick	8	static
XPT2046.c:297:6:XPT2046_PEN_STILL_Interrupt_Callback	8	static
XPT2046.c:320:10:XPT2046_GetTouchPressDuration	8	static
main.c:97:15:XPT2046_GetIRQPinState	8	static
main.c:102:6:XPT2046_Enable_Interrupt	8	static
XPT2046.c:164:6:XPT2046_init	24	static
main.c:106:6:XPT2046_Disable_Interrupt	8	static
main.c:110:6:touch_Pressed	40	static
XPT2046.c:245:6:XPT2046_PEN_DOWN_Interrupt_Callback	48	static
main.c:132:6:touch_Released	8	static
XPT2046.c:292:6:XPT2046_PEN_UP_Interrupt_Callback	8	static
XPT2046.c:324:6:XPT2046_unified_Interrupt_Callback	8	static
main.c:396:6:Error_Handler	0	static,ignoring_inline_asm
main.c:295:13:MX_SPI2_Init	8	static
main.c:261:13:MX_I2C2_Init	8	static
main.c:214:6:SystemClock_Config	88	static
main.c:149:5:main	8	static
